Log file: C:\Users\Piers\NRCan_Energy_Factbook\scripts\logs\eedas_20260616_122031.log
============================================================
EEDAS Update — load source-native data
Started at: 2026-06-16 12:20:31
============================================================
Syncing SharePoint Manual Data workbooks...
2026-06-16 12:20:34,169 - INFO - Request URL: 'https://login.microsoftonline.com/2b7c0838-0ee7-4a12-a46a-6832636a22fd/v2.0/.well-known/openid-configuration'
Request method: 'GET'
Request headers:
    'User-Agent': 'azsdk-python-identity/1.25.3 Python/3.13.14 (Windows-10-10.0.19045-SP0)'
No body was attached to the request
2026-06-16 12:20:34,908 - INFO - Response status: 200
Response headers:
    'Cache-Control': 'max-age=86400, private'
    'Content-Type': 'application/json; charset=utf-8'
    'Strict-Transport-Security': 'REDACTED'
    'X-Content-Type-Options': 'REDACTED'
    'Access-Control-Allow-Origin': 'REDACTED'
    'Access-Control-Allow-Methods': 'REDACTED'
    'P3P': 'REDACTED'
    'x-ms-request-id': 'cb66cbdd-8d54-45f0-acd7-fe2fb61f0700'
    'x-ms-ests-server': 'REDACTED'
    'x-ms-srs': 'REDACTED'
    'Content-Security-Policy-Report-Only': 'REDACTED'
    'X-XSS-Protection': 'REDACTED'
    'Set-Cookie': 'REDACTED'
    'Date': 'Tue, 16 Jun 2026 16:20:39 GMT'
    'Content-Length': '1964'
2026-06-16 12:20:34,955 - INFO - Request URL: 'https://login.microsoftonline.com/2b7c0838-0ee7-4a12-a46a-6832636a22fd/oauth2/v2.0/token'
Request method: 'POST'
Request headers:
    'Content-Type': 'application/x-www-form-urlencoded'
    'Accept': 'application/json'
    'x-client-sku': 'REDACTED'
    'x-client-ver': 'REDACTED'
    'x-client-os': 'REDACTED'
    'x-ms-lib-capability': 'REDACTED'
    'client-request-id': 'REDACTED'
    'x-client-current-telemetry': 'REDACTED'
    'x-client-last-telemetry': 'REDACTED'
    'User-Agent': 'azsdk-python-identity/1.25.3 Python/3.13.14 (Windows-10-10.0.19045-SP0)'
A body is sent with the request
2026-06-16 12:20:35,073 - INFO - Response status: 200
Response headers:
    'Cache-Control': 'no-store, no-cache'
    'Pragma': 'no-cache'
    'Content-Type': 'application/json; charset=utf-8'
    'Expires': '-1'
    'Strict-Transport-Security': 'REDACTED'
    'X-Content-Type-Options': 'REDACTED'
    'x-ms-clientdata': 'REDACTED'
    'P3P': 'REDACTED'
    'client-request-id': 'REDACTED'
    'x-ms-request-id': '1454c5db-7f5a-46ef-be0a-413913d41500'
    'x-ms-ests-server': 'REDACTED'
    'x-ms-clitelem': 'REDACTED'
    'x-ms-srs': 'REDACTED'
    'Content-Security-Policy-Report-Only': 'REDACTED'
    'X-XSS-Protection': 'REDACTED'
    'Set-Cookie': 'REDACTED'
    'Date': 'Tue, 16 Jun 2026 16:20:39 GMT'
    'Content-Length': '2139'
2026-06-16 12:20:35,074 - INFO - ClientSecretCredential.get_token succeeded
SharePoint site: hustlebench.sharepoint.com:/sites/BenchScope
Folder: Manual Data
Local cache: C:\Users\Piers\NRCan_Energy_Factbook_data
2026-06-16 12:20:36,622 - INFO - HTTP Request: GET https://graph.microsoft.com/v1.0/sites/hustlebench.sharepoint.com:/sites/BenchScope "HTTP/1.1 200 OK"
2026-06-16 12:20:36,814 - INFO - HTTP Request: GET https://graph.microsoft.com/v1.0/sites/hustlebench.sharepoint.com,18e07cb6-b745-4e54-85e5-29d6ef57311e,4f9043e6-427a-428c-9934-9d26a82d1a4a/drive/root:/Manual%20Data:/children "HTTP/1.1 200 OK"
  Up to date: 2011 Electricity generation.xlsx
  Up to date: Average prices (ELE-Res&Ind).xlsx
  Up to date: ca_biofuel_facility_capacity.xlsx
  Up to date: ca_uranium_supply_demand.xlsx
  Up to date: CEA_2023.xlsx
  Up to date: eia_uraniumprices.xlsx
  Up to date: Energy Efficiency.xlsx
  Up to date: Generation - 2020-2024 NRCan External Distribution.xlsx
  Up to date: iaea_grosseleoutput_nuclearpp.xlsx
  Up to date: iaea_worldnucleargen.xlsx
  Up to date: Largest hydrofac, wind and solar projects.xlsx
  Up to date: oecd-nea_theredbook.xlsx
  Up to date: OEE_NEUD_2023_data.xlsx
  Up to date: RenAQ.xlsx
  Up to date: secondary Master gencap file.xlsx
  Up to date: Section 1.xlsx
  Up to date: Section 6.xlsx
  Up to date: Solar capacity and generation_Canada.xlsx
  Up to date: Wind capacity and generation_Canada.xlsx
  Up to date: World capacity of wind and solar power.xlsx
SharePoint sync: cache is up to date


Ensuring database schema (tables, indexes, procedures as needed)...
  Schema step complete.


EEDAS update: ghg_electricity_spotlight
    Warning: electricity GHG CSV fetch failed for https://www.canada.ca/en/environment-climate-change/services/environmental-indicators/greenhouse-gas-emissions.html: Response is HTML, not CSV
    Downloaded electricity GHG CSV (1,570 bytes) from https://www.canada.ca/content/dam/eccc/documents/csv/cesindicators/ghg-emissions/2026/ghg-emissions-electricity-en.csv
    Stored 76 source-native rows for ghg_electricity_spotlight (2024)
  Completed: 76 rows

============================================================
EEDAS Update Summary
============================================================
  ghg_electricity_spotlight: success (76 rows)

Run summary written to: C:\Users\Piers\NRCan_Energy_Factbook\scripts\logs\last_refresh_summary.json

Completed at: 2026-06-16 12:20:43
