Log file: scripts/logs/efb_20260623_035004.log
============================================================
EFB Transform — build Factbook indicators
Started at: 2026-06-23 03:50:04
============================================================

Ensuring database schema (tables, indexes, procedures as needed)...
  Schema step complete.


EFB transform: world_wind_power
2026-06-23 03:50:06,490 - INFO - Request URL: 'https://login.microsoftonline.com/2b7c0838-0ee7-4a12-a46a-6832636a22fd/v2.0/.well-known/openid-configuration'
Request method: 'GET'
Request headers:
    'User-Agent': 'azsdk-python-identity/1.25.3 Python/3.13.14 (Windows-10-10.0.19045-SP0)'
No body was attached to the request
2026-06-23 03:50:07,253 - INFO - Response status: 200
Response headers:
    'Cache-Control': 'max-age=86400, private'
    'Content-Type': 'application/json; charset=utf-8'
    'Strict-Transport-Security': 'REDACTED'
    'X-Content-Type-Options': 'REDACTED'
    'Access-Control-Allow-Origin': 'REDACTED'
    'Access-Control-Allow-Methods': 'REDACTED'
    'P3P': 'REDACTED'
    'x-ms-request-id': '53dbc9ba-1cfa-487a-98fe-fafcf32dc000'
    'x-ms-ests-server': 'REDACTED'
    'x-ms-srs': 'REDACTED'
    'Content-Security-Policy-Report-Only': 'REDACTED'
    'X-XSS-Protection': 'REDACTED'
    'Set-Cookie': 'REDACTED'
    'Date': 'Tue, 23 Jun 2026 07:50:06 GMT'
    'Content-Length': '1964'
2026-06-23 03:50:07,261 - INFO - Request URL: 'https://login.microsoftonline.com/2b7c0838-0ee7-4a12-a46a-6832636a22fd/oauth2/v2.0/token'
Request method: 'POST'
Request headers:
    'Content-Type': 'application/x-www-form-urlencoded'
    'Accept': 'application/json'
    'x-client-sku': 'REDACTED'
    'x-client-ver': 'REDACTED'
    'x-client-os': 'REDACTED'
    'x-ms-lib-capability': 'REDACTED'
    'client-request-id': 'REDACTED'
    'x-client-current-telemetry': 'REDACTED'
    'x-client-last-telemetry': 'REDACTED'
    'User-Agent': 'azsdk-python-identity/1.25.3 Python/3.13.14 (Windows-10-10.0.19045-SP0)'
A body is sent with the request
2026-06-23 03:50:07,383 - INFO - Response status: 200
Response headers:
    'Cache-Control': 'no-store, no-cache'
    'Pragma': 'no-cache'
    'Content-Type': 'application/json; charset=utf-8'
    'Expires': '-1'
    'Strict-Transport-Security': 'REDACTED'
    'X-Content-Type-Options': 'REDACTED'
    'x-ms-clientdata': 'REDACTED'
    'P3P': 'REDACTED'
    'client-request-id': 'REDACTED'
    'x-ms-request-id': 'ebbdf255-38ba-4acc-9dd7-4a05b80e0d00'
    'x-ms-ests-server': 'REDACTED'
    'x-ms-clitelem': 'REDACTED'
    'x-ms-srs': 'REDACTED'
    'Content-Security-Policy-Report-Only': 'REDACTED'
    'X-XSS-Protection': 'REDACTED'
    'Set-Cookie': 'REDACTED'
    'Date': 'Tue, 23 Jun 2026 07:50:06 GMT'
    'Content-Length': '2144'
2026-06-23 03:50:07,384 - INFO - ClientSecretCredential.get_token succeeded
SharePoint site: hustlebench.sharepoint.com:/sites/BenchScope
Folder: Manual Data
Local cache: <EXTERNAL_XLSX_DATA_DIR>
2026-06-23 03:50:08,247 - INFO - HTTP Request: GET https://graph.microsoft.com/v1.0/sites/hustlebench.sharepoint.com:/sites/BenchScope "HTTP/1.1 200 OK"
2026-06-23 03:50:08,440 - INFO - HTTP Request: GET https://graph.microsoft.com/v1.0/sites/hustlebench.sharepoint.com,18e07cb6-b745-4e54-85e5-29d6ef57311e,4f9043e6-427a-428c-9934-9d26a82d1a4a/drive/root:/Manual%20Data:/children "HTTP/1.1 200 OK"
  Up to date: 2011 Electricity generation.xlsx
  Up to date: Average prices (ELE-Res&Ind).xlsx
  Up to date: ca_biofuel_facility_capacity.xlsx
  Up to date: ca_uranium_supply_demand.xlsx
  Up to date: CEA_2023.xlsx
  Up to date: eia_uraniumprices.xlsx
  Up to date: Energy Efficiency.xlsx
  Up to date: Generation - 2020-2024 NRCan External Distribution.xlsx
  Up to date: iaea_grosseleoutput_nuclearpp.xlsx
  Up to date: iaea_worldnucleargen.xlsx
  Up to date: Largest hydrofac, wind and solar projects.xlsx
  Up to date: oecd-nea_theredbook.xlsx
  Up to date: OEE_NEUD_2023_data.xlsx
  Up to date: RenAQ.xlsx
  Up to date: secondary Master gencap file.xlsx
  Up to date: Section 1.xlsx
  Up to date: Section 6.xlsx
  Up to date: Solar capacity and generation_Canada.xlsx
  Up to date: Wind capacity and generation_Canada.xlsx
  Up to date: World capacity of wind and solar power.xlsx
SharePoint sync: cache is up to date
    Stored 150 indicator rows for world_wind_power
  Completed: 150 rows

============================================================
EFB Transform Summary
============================================================
  world_wind_power: success (150 rows)

Run summary written to: scripts/logs/last_refresh_summary.json

Completed at: 2026-06-23 03:50:09
