Log file: scripts/logs/export_20260623_035010.log
============================================================
NRCan Energy Factbook - Export Website Files
Started at: 2026-06-23 03:50:10
============================================================

Preparing export data from database...

Exporting data.csv...
  Backed up data.csv -> data.csv.20260623_035010
  Wrote 6600 rows to <user-home>\NRCan_Energy_Factbook\public\data\data.csv

Exporting metadata.csv...
  Backed up metadata.csv -> metadata.csv.20260623_035020
  Wrote 604 rows to <user-home>\NRCan_Energy_Factbook\public\data\metadata.csv

Exporting major_projects_map.csv...
  Backed up major_projects_map.csv -> major_projects_map.csv.20260623_035021
  Wrote 344 rows to <user-home>\NRCan_Energy_Factbook\public\data\major_projects_map.csv

============================================================
Export Summary
============================================================
  data_csv: success (6600 rows)
    -> <user-home>\NRCan_Energy_Factbook\public\data\data.csv
  metadata_csv: success (604 rows)
    -> <user-home>\NRCan_Energy_Factbook\public\data\metadata.csv
  major_projects_csv: success (344 rows)
    -> <user-home>\NRCan_Energy_Factbook\public\data\major_projects_map.csv

Completed at: 2026-06-23 03:50:21
