Log file: scripts/logs/export_20260623_042715.log
============================================================
NRCan Energy Factbook - Export Website Files
Started at: 2026-06-23 04:27:15
============================================================

Preparing export data from database...

Exporting data.csv...
  Backed up data.csv -> data.csv.20260623_042715
  Wrote 6733 rows to <user-home>\NRCan_Energy_Factbook\public\data\data.csv

Exporting metadata.csv...
  Backed up metadata.csv -> metadata.csv.20260623_042715
  Wrote 657 rows to <user-home>\NRCan_Energy_Factbook\public\data\metadata.csv

Exporting major_projects_map.csv...
  Backed up major_projects_map.csv -> major_projects_map.csv.20260623_042715
  Wrote 344 rows to <user-home>\NRCan_Energy_Factbook\public\data\major_projects_map.csv

============================================================
Export Summary
============================================================
  data_csv: success (6733 rows)
    -> <user-home>\NRCan_Energy_Factbook\public\data\data.csv
  metadata_csv: success (657 rows)
    -> <user-home>\NRCan_Energy_Factbook\public\data\metadata.csv
  major_projects_csv: success (344 rows)
    -> <user-home>\NRCan_Energy_Factbook\public\data\major_projects_map.csv

Completed at: 2026-06-23 04:27:15
